// Jest Snapshot v1, https://goo.gl/fbAQLP

exports[`Probando componentes de react <App /> Debe de mostrar <App /> de manera correcta 1`] = `
<Fragment>
  <h1>
    Hola, soy Goku
    !!
  </h1>
  <p>
    Adios
  </p>
</Fragment>
`;
